\pset format unaligned
\set ECHO all
SELECT count(DISTINCT cluster_no) as clusters from cdb_crankshaft.cdb_kmeans('select * from ppoints', 2);
clusters
2
(1 row)
SELECT count(*) clusters from (select  cdb_crankshaft.CDB_WeightedMean(the_geom, value::NUMERIC), code from ppoints group by code) p;
clusters
52
(1 row)
