\pset format unaligned
\set ECHO all
\i test/fixtures/getis_data.sql
SET client_min_messages TO WARNING;
\set ECHO none
_cdb_random_seeds

(1 row)
rowid|z_score|p_value
9|-0.7862|0.0500
22|-0.3955|0.0330
33|2.7045|0.0050
35|1.9524|0.0130
36|-1.2056|0.0170
37|3.4785|0.0020
38|-1.4622|0.0020
40|5.7098|0.0030
46|3.4704|0.0120
47|-0.9994|0.0320
48|-1.3650|0.0340
(11 rows)
